// Jest Snapshot v1, https://goo.gl/fbAQLP

exports[`CharacterCard renders character card 1`] = `
<div>
  <div
    class="sc-dde61c08-0 kKmqkj"
    tabindex="0"
  >
    <img
      alt="Gary Goodspeed"
      class="sc-dde61c08-2 ctkqjG"
      src="https://finalspaceapi.com/api/character/avatar/gary_goodspeed.png"
    />
    <div
      class="sc-dde61c08-1 fDUClv"
    >
      Gary Goodspeed
    </div>
  </div>
</div>
`;
