// Jest Snapshot v1, https://goo.gl/fbAQLP

exports[`CharacterList renders character list 1`] = `
<div>
  <div
    class="sc-da2bec26-0 cIXBnP"
  >
    <div
      class="sc-bddf278f-0 iXLujA"
      tabindex="0"
    >
      <div
        class="sc-bddf278f-1 kaRqye"
      >
        <div
          class="sc-bddf278f-2 jgrdui"
        />
        <div
          class="sc-bddf278f-2 sc-bddf278f-3 jgrdui fWnqRP"
        />
      </div>
      <div
        class="sc-bddf278f-4 dfPjBw"
      >
        Add new Character
      </div>
    </div>
  </div>
</div>
`;
