// Jest Snapshot v1, https://goo.gl/fbAQLP

exports[`Home should render Home page 1`] = `
<div>
  <div
    class="sc-da2bec26-0 cIXBnP"
  >
    <div
      class="sc-d6cb549b-0 jisOga"
    >
      <img
        alt="Gary Goodspeed"
        class="sc-d6cb549b-2 cVwxUm"
        src="https://finalspaceapi.com/api/character/avatar/gary_goodspeed.png"
      />
      <div
        class="sc-d6cb549b-1 dfxNAZ"
      >
        Gary Goodspeed
      </div>
    </div>
    <div
      class="sc-d6cb549b-0 jisOga"
    >
      <img
        alt="Mooncake"
        class="sc-d6cb549b-2 cVwxUm"
        src="https://finalspaceapi.com/api/character/avatar/mooncake.jpg"
      />
      <div
        class="sc-d6cb549b-1 dfxNAZ"
      >
        Mooncake
      </div>
    </div>
    <div
      class="sc-d6cb549b-0 jisOga"
    >
      <img
        alt="Quinn Ergon"
        class="sc-d6cb549b-2 cVwxUm"
        src="https://finalspaceapi.com/api/character/avatar/quinn_ergon.jpg"
      />
      <div
        class="sc-d6cb549b-1 dfxNAZ"
      >
        Quinn Ergon
      </div>
    </div>
    <div
      class="sc-d6cb549b-0 jisOga"
    >
      <img
        alt="Little Cato"
        class="sc-d6cb549b-2 cVwxUm"
        src="https://finalspaceapi.com/api/character/avatar/little_cato.jpg"
      />
      <div
        class="sc-d6cb549b-1 dfxNAZ"
      >
        Little Cato
      </div>
    </div>
    <div
      class="sc-d6cb549b-0 jisOga"
    >
      <img
        alt="Avocato"
        class="sc-d6cb549b-2 cVwxUm"
        src="https://finalspaceapi.com/api/character/avatar/avocato.jpg"
      />
      <div
        class="sc-d6cb549b-1 dfxNAZ"
      >
        Avocato
      </div>
    </div>
    <div
      class="sc-d6cb549b-0 jisOga"
    >
      <img
        alt="KVN"
        class="sc-d6cb549b-2 cVwxUm"
        src="https://finalspaceapi.com/api/character/avatar/kvn.jpg"
      />
      <div
        class="sc-d6cb549b-1 dfxNAZ"
      >
        KVN
      </div>
    </div>
    <div
      class="sc-d6cb549b-0 jisOga"
    >
      <img
        alt="Ash Graven"
        class="sc-d6cb549b-2 cVwxUm"
        src="https://finalspaceapi.com/api/character/avatar/ash_graven.png"
      />
      <div
        class="sc-d6cb549b-1 dfxNAZ"
      >
        Ash Graven
      </div>
    </div>
    <div
      class="sc-d6cb549b-0 jisOga"
    >
      <img
        alt="Fox"
        class="sc-d6cb549b-2 cVwxUm"
        src="https://finalspaceapi.com/api/character/avatar/fox.jpg"
      />
      <div
        class="sc-d6cb549b-1 dfxNAZ"
      >
        Fox
      </div>
    </div>
    <div
      class="sc-d6cb549b-0 jisOga"
    >
      <img
        alt="H.U.E"
        class="sc-d6cb549b-2 cVwxUm"
        src="https://finalspaceapi.com/api/character/avatar/hue.jpg"
      />
      <div
        class="sc-d6cb549b-1 dfxNAZ"
      >
        H.U.E
      </div>
    </div>
    <div
      class="sc-d6cb549b-0 jisOga"
    >
      <img
        alt="Tribore Menendez"
        class="sc-d6cb549b-2 cVwxUm"
        src="https://finalspaceapi.com/api/character/avatar/tribore.jpg"
      />
      <div
        class="sc-d6cb549b-1 dfxNAZ"
      >
        Tribore Menendez
      </div>
    </div>
    <div
      class="sc-d6cb549b-0 jisOga"
    >
      <img
        alt="Clarence"
        class="sc-d6cb549b-2 cVwxUm"
        src="https://finalspaceapi.com/api/character/avatar/clarence.jpg"
      />
      <div
        class="sc-d6cb549b-1 dfxNAZ"
      >
        Clarence
      </div>
    </div>
    <div
      class="sc-d6cb549b-0 jisOga"
    >
      <img
        alt="Biskit"
        class="sc-d6cb549b-2 cVwxUm"
        src="https://finalspaceapi.com/api/character/avatar/biskit.png"
      />
      <div
        class="sc-d6cb549b-1 dfxNAZ"
      >
        Biskit
      </div>
    </div>
    <div
      class="sc-d6cb549b-0 jisOga"
    >
      <img
        alt="Quatronostro Menendez"
        class="sc-d6cb549b-2 cVwxUm"
        src="https://finalspaceapi.com/api/character/avatar/quatro.png"
      />
      <div
        class="sc-d6cb549b-1 dfxNAZ"
      >
        Quatronostro Menendez
      </div>
    </div>
    <div
      class="sc-d6cb549b-0 jisOga"
    >
      <img
        alt="Lord Commander"
        class="sc-d6cb549b-2 cVwxUm"
        src="https://finalspaceapi.com/api/character/avatar/lord_commander.png"
      />
      <div
        class="sc-d6cb549b-1 dfxNAZ"
      >
        Lord Commander
      </div>
    </div>
    <div
      class="sc-d6cb549b-0 jisOga"
    >
      <img
        alt=" Sheryl Goodspeed"
        class="sc-d6cb549b-2 cVwxUm"
        src="https://finalspaceapi.com/api/character/avatar/sheryl_goodspeed.jpg"
      />
      <div
        class="sc-d6cb549b-1 dfxNAZ"
      >
         Sheryl Goodspeed
      </div>
    </div>
    <div
      class="sc-d6cb549b-0 jisOga"
    >
      <img
        alt="Bolo"
        class="sc-d6cb549b-2 cVwxUm"
        src="https://finalspaceapi.com/api/character/avatar/bolo.jpg"
      />
      <div
        class="sc-d6cb549b-1 dfxNAZ"
      >
        Bolo
      </div>
    </div>
    <div
      class="sc-d6cb549b-0 jisOga"
    >
      <img
        alt="Invictus"
        class="sc-d6cb549b-2 cVwxUm"
        src="https://finalspaceapi.com/api/character/avatar/invictus.png"
      />
      <div
        class="sc-d6cb549b-1 dfxNAZ"
      >
        Invictus
      </div>
    </div>
    <div
      class="sc-d6cb549b-0 jisOga"
    >
      <img
        alt="Gary Goodspeed (Nightfall's timeline)"
        class="sc-d6cb549b-2 cVwxUm"
        src="https://finalspaceapi.com/api/character/avatar/gg_timeline.jpg"
      />
      <div
        class="sc-d6cb549b-1 dfxNAZ"
      >
        Gary Goodspeed (Nightfall's timeline)
      </div>
    </div>
    <div
      class="sc-d6cb549b-0 jisOga"
    >
      <img
        alt="Nightfall"
        class="sc-d6cb549b-2 cVwxUm"
        src="https://finalspaceapi.com/api/character/avatar/nightfall.jpg"
      />
      <div
        class="sc-d6cb549b-1 dfxNAZ"
      >
        Nightfall
      </div>
    </div>
    <div
      class="sc-d6cb549b-0 jisOga"
    >
      <img
        alt="John Goodspeed"
        class="sc-d6cb549b-2 cVwxUm"
        src="https://finalspaceapi.com/api/character/avatar/john_goodspeed.jpg"
      />
      <div
        class="sc-d6cb549b-1 dfxNAZ"
      >
        John Goodspeed
      </div>
    </div>
    <div
      class="sc-d6cb549b-0 jisOga"
    >
      <img
        alt="A.V.A"
        class="sc-d6cb549b-2 cVwxUm"
        src="https://finalspaceapi.com/api/character/avatar/ava.jpg"
      />
      <div
        class="sc-d6cb549b-1 dfxNAZ"
      >
        A.V.A
      </div>
    </div>
    <div
      class="sc-d6cb549b-0 jisOga"
    >
      <img
        alt="Evra"
        class="sc-d6cb549b-2 cVwxUm"
        src="https://finalspaceapi.com/api/character/avatar/evra.png"
      />
      <div
        class="sc-d6cb549b-1 dfxNAZ"
      >
        Evra
      </div>
    </div>
    <div
      class="sc-d6cb549b-0 jisOga"
    >
      <img
        alt="Queen of Ventrexia"
        class="sc-d6cb549b-2 cVwxUm"
        src="https://finalspaceapi.com/api/character/avatar/queen_of_ventrexia.png"
      />
      <div
        class="sc-d6cb549b-1 dfxNAZ"
      >
        Queen of Ventrexia
      </div>
    </div>
    <div
      class="sc-d6cb549b-0 jisOga"
    >
      <img
        alt="King of Ventrexia"
        class="sc-d6cb549b-2 cVwxUm"
        src="https://finalspaceapi.com/api/character/avatar/king_of_ventrexia.jpg"
      />
      <div
        class="sc-d6cb549b-1 dfxNAZ"
      >
        King of Ventrexia
      </div>
    </div>
    <div
      class="sc-d6cb549b-0 jisOga"
    >
      <img
        alt="Mega-KVN"
        class="sc-d6cb549b-2 cVwxUm"
        src="https://finalspaceapi.com/api/character/avatar/mega_kvn.jpg"
      />
      <div
        class="sc-d6cb549b-1 dfxNAZ"
      >
        Mega-KVN
      </div>
    </div>
    <div
      class="sc-d6cb549b-0 jisOga"
    >
      <img
        alt="Gatekeeper"
        class="sc-d6cb549b-2 cVwxUm"
        src="https://finalspaceapi.com/api/character/avatar/gatekeeper.jpg"
      />
      <div
        class="sc-d6cb549b-1 dfxNAZ"
      >
        Gatekeeper
      </div>
    </div>
    <div
      class="sc-d6cb549b-0 jisOga"
    >
      <img
        alt="Melanie Dewinter"
        class="sc-d6cb549b-2 cVwxUm"
        src="https://finalspaceapi.com/api/character/avatar/melanie_dewinter.jpg"
      />
      <div
        class="sc-d6cb549b-1 dfxNAZ"
      >
        Melanie Dewinter
      </div>
    </div>
    <div
      class="sc-d6cb549b-0 jisOga"
    >
      <img
        alt="Harp Graven"
        class="sc-d6cb549b-2 cVwxUm"
        src="https://finalspaceapi.com/api/character/avatar/harp_graven.jpg"
      />
      <div
        class="sc-d6cb549b-1 dfxNAZ"
      >
        Harp Graven
      </div>
    </div>
    <div
      class="sc-d6cb549b-0 jisOga"
    >
      <img
        alt=" Shannon Thunder"
        class="sc-d6cb549b-2 cVwxUm"
        src="https://finalspaceapi.com/api/character/avatar/shannon_thunder.jpg"
      />
      <div
        class="sc-d6cb549b-1 dfxNAZ"
      >
         Shannon Thunder
      </div>
    </div>
    <div
      class="sc-d6cb549b-0 jisOga"
    >
      <img
        alt="Chuck"
        class="sc-d6cb549b-2 cVwxUm"
        src="https://finalspaceapi.com/api/character/avatar/chuck.jpg"
      />
      <div
        class="sc-d6cb549b-1 dfxNAZ"
      >
        Chuck
      </div>
    </div>
    <div
      class="sc-d6cb549b-0 jisOga"
    >
      <img
        alt="Septim"
        class="sc-d6cb549b-2 cVwxUm"
        src="https://finalspaceapi.com/api/character/avatar/septim.jpg"
      />
      <div
        class="sc-d6cb549b-1 dfxNAZ"
      >
        Septim
      </div>
    </div>
    <div
      class="sc-d6cb549b-0 jisOga"
    >
      <img
        alt="Fraskenhaur"
        class="sc-d6cb549b-2 cVwxUm"
        src="https://finalspaceapi.com/api/character/avatar/fraskenhaur.jpg"
      />
      <div
        class="sc-d6cb549b-1 dfxNAZ"
      >
        Fraskenhaur
      </div>
    </div>
    <div
      class="sc-d6cb549b-0 jisOga"
    >
      <img
        alt="Dartrichio"
        class="sc-d6cb549b-2 cVwxUm"
        src="https://finalspaceapi.com/api/character/avatar/dartrichio.jpg"
      />
      <div
        class="sc-d6cb549b-1 dfxNAZ"
      >
        Dartrichio
      </div>
    </div>
    <div
      class="sc-d6cb549b-0 jisOga"
    >
      <img
        alt="David Dewinter"
        class="sc-d6cb549b-2 cVwxUm"
        src="https://finalspaceapi.com/api/character/avatar/david_dewinter.jpg"
      />
      <div
        class="sc-d6cb549b-1 dfxNAZ"
      >
        David Dewinter
      </div>
    </div>
    <div
      class="sc-d6cb549b-0 jisOga"
    >
      <img
        alt="General Cataloupe"
        class="sc-d6cb549b-2 cVwxUm"
        src="https://finalspaceapi.com/api/character/avatar/general_cataloupe.jpg"
      />
      <div
        class="sc-d6cb549b-1 dfxNAZ"
      >
        General Cataloupe
      </div>
    </div>
    <div
      class="sc-d6cb549b-0 jisOga"
    >
      <img
        alt="Jeff"
        class="sc-d6cb549b-2 cVwxUm"
        src="https://finalspaceapi.com/api/character/avatar/jeff.jpg"
      />
      <div
        class="sc-d6cb549b-1 dfxNAZ"
      >
        Jeff
      </div>
    </div>
    <div
      class="sc-d6cb549b-0 jisOga"
    >
      <img
        alt="Meowlapeño"
        class="sc-d6cb549b-2 cVwxUm"
        src="https://finalspaceapi.com/api/character/avatar/meowlapeno.jpg"
      />
      <div
        class="sc-d6cb549b-1 dfxNAZ"
      >
        Meowlapeño
      </div>
    </div>
    <div
      class="sc-d6cb549b-0 jisOga"
    >
      <img
        alt="Oreskis"
        class="sc-d6cb549b-2 cVwxUm"
        src="https://finalspaceapi.com/api/character/avatar/oreskis.jpg"
      />
      <div
        class="sc-d6cb549b-1 dfxNAZ"
      >
        Oreskis
      </div>
    </div>
    <div
      class="sc-d6cb549b-0 jisOga"
    >
      <img
        alt="Sal"
        class="sc-d6cb549b-2 cVwxUm"
        src="https://finalspaceapi.com/api/character/avatar/sal.jpg"
      />
      <div
        class="sc-d6cb549b-1 dfxNAZ"
      >
        Sal
      </div>
    </div>
    <div
      class="sc-d6cb549b-0 jisOga"
    >
      <img
        alt="Terk"
        class="sc-d6cb549b-2 cVwxUm"
        src="https://finalspaceapi.com/api/character/avatar/terk.jpg"
      />
      <div
        class="sc-d6cb549b-1 dfxNAZ"
      >
        Terk
      </div>
    </div>
    <div
      class="sc-d6cb549b-0 jisOga"
    >
      <img
        alt="The Blade"
        class="sc-d6cb549b-2 cVwxUm"
        src="https://finalspaceapi.com/api/character/avatar/the_blade.jpg"
      />
      <div
        class="sc-d6cb549b-1 dfxNAZ"
      >
        The Blade
      </div>
    </div>
    <div
      class="sc-d6cb549b-0 jisOga"
    >
      <img
        alt="Thud"
        class="sc-d6cb549b-2 cVwxUm"
        src="https://finalspaceapi.com/api/character/avatar/thud.jpg"
      />
      <div
        class="sc-d6cb549b-1 dfxNAZ"
      >
        Thud
      </div>
    </div>
    <div
      class="sc-d6cb549b-0 jisOga"
    >
      <img
        alt="Time Swap Sammy"
        class="sc-d6cb549b-2 cVwxUm"
        src="https://finalspaceapi.com/api/character/avatar/time_swap_sammy.jpg"
      />
      <div
        class="sc-d6cb549b-1 dfxNAZ"
      >
        Time Swap Sammy
      </div>
    </div>
    <div
      class="sc-d6cb549b-0 jisOga"
    >
      <img
        alt="Todd H. Watson"
        class="sc-d6cb549b-2 cVwxUm"
        src="https://finalspaceapi.com/api/character/avatar/todd_h_watson.jpg"
      />
      <div
        class="sc-d6cb549b-1 dfxNAZ"
      >
        Todd H. Watson
      </div>
    </div>
    <div
      class="sc-d6cb549b-0 jisOga"
    >
      <img
        alt="Viro"
        class="sc-d6cb549b-2 cVwxUm"
        src="https://finalspaceapi.com/api/character/avatar/viro.jpg"
      />
      <div
        class="sc-d6cb549b-1 dfxNAZ"
      >
        Viro
      </div>
    </div>
    <div
      class="sc-d6cb549b-0 jisOga"
    >
      <img
        alt="Werthrent"
        class="sc-d6cb549b-2 cVwxUm"
        src="https://finalspaceapi.com/api/character/avatar/werthrent.jpg"
      />
      <div
        class="sc-d6cb549b-1 dfxNAZ"
      >
        Werthrent
      </div>
    </div>
    <div
      class="sc-d6cb549b-0 jisOga"
    >
      <img
        alt="Zargon Tukalishi"
        class="sc-d6cb549b-2 cVwxUm"
        src="https://finalspaceapi.com/api/character/avatar/zargon_tukalishi.jpg"
      />
      <div
        class="sc-d6cb549b-1 dfxNAZ"
      >
        Zargon Tukalishi
      </div>
    </div>
  </div>
</div>
`;
