// Jest Snapshot v1, https://goo.gl/fbAQLP

exports[`Characters should render Characters page 1`] = `
<div>
  <form
    class="sc-a77d193a-0 gnEPue"
  >
    <div
      class="MuiFormControl-root MuiTextField-root text css-1u3bzj6-MuiFormControl-root-MuiTextField-root"
    >
      <label
        class="MuiFormLabel-root MuiInputLabel-root MuiInputLabel-formControl MuiInputLabel-animated MuiInputLabel-sizeSmall MuiInputLabel-outlined MuiFormLabel-colorPrimary MuiInputLabel-root MuiInputLabel-formControl MuiInputLabel-animated MuiInputLabel-sizeSmall MuiInputLabel-outlined css-1pysi21-MuiFormLabel-root-MuiInputLabel-root"
        data-shrink="false"
        for="search-bar"
        id="search-bar-label"
      >
        Enter a character name
      </label>
      <div
        class="MuiInputBase-root MuiOutlinedInput-root MuiInputBase-colorPrimary MuiInputBase-formControl MuiInputBase-sizeSmall css-9ddj71-MuiInputBase-root-MuiOutlinedInput-root"
      >
        <input
          aria-invalid="false"
          class="MuiInputBase-input MuiOutlinedInput-input MuiInputBase-inputSizeSmall css-1n4twyu-MuiInputBase-input-MuiOutlinedInput-input"
          id="search-bar"
          placeholder="Search..."
          type="text"
          value=""
        />
        <fieldset
          aria-hidden="true"
          class="MuiOutlinedInput-notchedOutline css-1d3z3hw-MuiOutlinedInput-notchedOutline"
        >
          <legend
            class="css-yjsfm1"
          >
            <span>
              Enter a character name
            </span>
          </legend>
        </fieldset>
      </div>
    </div>
  </form>
  <button>
    Add Character
  </button>
  <div
    class="sc-da2bec26-0 cIXBnP"
  >
    <div
      class="sc-d6cb549b-0 jisOga"
      tabindex="0"
    >
      <img
        alt="Gary Goodspeed"
        class="sc-d6cb549b-2 cVwxUm"
        src="https://finalspaceapi.com/api/character/avatar/gary_goodspeed.png"
      />
      <div
        class="sc-d6cb549b-1 dfxNAZ"
      >
        Gary Goodspeed
      </div>
    </div>
  </div>
</div>
`;
