// Jest Snapshot v1, https://goo.gl/fbAQLP

exports[`Icon renders IconList 1`] = `
<div>
  <ul
    class="sc-64827338-1 kdUXmQ"
  >
    <li
      class="sc-64827338-2 jviaVN"
    >
      <span
        class="material-icons sc-64827338-0 jiNqxf"
      >
        public
      </span>
      Born on Earth
    </li>
    <li
      class="sc-64827338-2 jviaVN"
    >
      <span
        class="material-icons sc-64827338-0 kNVYwE"
      >
        favorite
      </span>
      Is 
      alive
    </li>
    <li
      class="sc-64827338-2 jviaVN"
    >
      <span
        class="material-icons sc-64827338-0 jiNqxf"
      >
        group
      </span>
      Human
    </li>
    <li
      class="sc-1bdc4148-2 jveMor"
    >
      <span
        class="material-icons sc-64827338-0 jiNqxf"
      >
        video_file
      </span>
      Was seen in 
      22
       chapters
    </li>
  </ul>
</div>
`;
