// Jest Snapshot v1, https://goo.gl/fbAQLP

exports[`Icon renders IconList 1`] = `
<div>
  <ul
    class="sc-c4342ac9-1 guIfcn"
  >
    <li
      class="sc-c4342ac9-2 kBpwcf"
    >
      <span
        class="material-icons sc-c4342ac9-0 jEsdHR"
      >
        public
      </span>
      Born on Earth
    </li>
    <li
      class="sc-c4342ac9-2 kBpwcf"
    >
      <span
        class="material-icons sc-c4342ac9-0 hGdQyi"
      >
        favorite
      </span>
      Is 
      alive
    </li>
    <li
      class="sc-c4342ac9-2 kBpwcf"
    >
      <span
        class="material-icons sc-c4342ac9-0 jEsdHR"
      >
        group
      </span>
      Human
    </li>
    <li
      class="sc-c4342ac9-2 kBpwcf"
    >
      <span
        class="material-icons sc-c4342ac9-0 jEsdHR"
      >
        video_file
      </span>
      Was seen in 
      22
       chapters
    </li>
  </ul>
</div>
`;
