// Jest Snapshot v1, https://goo.gl/fbAQLP

exports[`Layout should render Layout 1`] = `
<div>
  <header
    class="sc-75d2f2ff-0 fbiUAK"
  >
    <div
      class="sc-75d2f2ff-1 gMhXdr"
    >
      <a
        class="sc-75d2f2ff-2 QLpgX"
        href="/"
      >
        <img
          alt="final-space-text"
          class="sc-75d2f2ff-3 fcosyw"
          src="https://images.fanart.tv/fanart/final-space-5e6df59bd745e.png"
        />
      </a>
      <nav>
        <div
          class="sc-e5d9fcd-0 ccJOpB"
        >
          <div />
          <div />
          <div />
        </div>
        <ul
          class="sc-3413b2c7-0 kWOcCk"
        >
          <li>
            <a
              class="sc-3413b2c7-1 cPDNgh"
              href="/characters"
            >
              Characters
            </a>
          </li>
          <li>
            <a
              class="sc-3413b2c7-1 cPDNgh"
              href="/characters"
            >
              Episodes
            </a>
          </li>
          <li>
            <a
              class="sc-3413b2c7-1 cPDNgh"
              href="/characters"
            >
              Info
            </a>
          </li>
          <li>
            <a
              class="sc-3413b2c7-1 cPDNgh"
              href="/characters"
            >
              Games
            </a>
          </li>
        </ul>
      </nav>
    </div>
  </header>
</div>
`;
