// Jest Snapshot v1, https://goo.gl/fbAQLP

exports[`CharacterCard renders character card 1`] = `
<div>
  <div
    class="sc-57d00609-0 dMPESy"
  >
    <img
      alt="Gary Goodspeed"
      class="sc-57d00609-2 ivIxvq"
      src="https://finalspaceapi.com/api/character/avatar/gary_goodspeed.png"
    />
    <div
      class="sc-57d00609-1 gmJAWB"
    >
      Gary Goodspeed
    </div>
  </div>
</div>
`;
