// Jest Snapshot v1, https://goo.gl/fbAQLP

exports[`CharacterCard renders character card 1`] = `
<div>
  <div
    class="sc-7d7230a1-0 kNOnuu"
    tabindex="0"
  >
    <img
      alt="Gary Goodspeed"
      class="sc-7d7230a1-2 TDhcz"
      src="https://finalspaceapi.com/api/character/avatar/gary_goodspeed.png"
    />
    <div
      class="sc-7d7230a1-1 eLYphb"
    >
      Gary Goodspeed
    </div>
  </div>
</div>
`;
