// Jest Snapshot v1, https://goo.gl/fbAQLP

exports[`CharacterCard renders character card 1`] = `
<div>
  <div
    class="sc-d6cb549b-0 jisOga"
  >
    <img
      alt="Gary Goodspeed"
      class="sc-d6cb549b-2 cVwxUm"
      src="https://finalspaceapi.com/api/character/avatar/gary_goodspeed.png"
    />
    <div
      class="sc-d6cb549b-1 dfxNAZ"
    >
      Gary Goodspeed
    </div>
  </div>
</div>
`;
